../Core/Src/main.c:100:6:microDelay	16	static
../Core/Src/main.c:106:9:DHT11_Start	40	static
../Core/Src/main.c:136:9:DHT11_Read	16	static
../Core/Src/main.c:170:5:main	24	static
../Core/Src/main.c:296:6:SystemClock_Config	128	static
../Core/Src/main.c:349:13:MX_RTC_Init	72	static
../Core/Src/main.c:432:13:MX_SPI1_Init	8	static
../Core/Src/main.c:470:13:MX_TIM2_Init	32	static
../Core/Src/main.c:515:13:MX_USART2_UART_Init	8	static
../Core/Src/main.c:550:13:MX_GPIO_Init	56	static
../Core/Src/main.c:617:6:uart_transmit_data	24	static
../Core/Src/main.c:624:6:uart_receive_data	24	static
../Core/Src/main.c:643:6:Error_Handler	8	static,ignoring_inline_asm
