../Core/Src/stm32l0xx_hal_msp.c:63:6:HAL_MspInit	8	static
../Core/Src/stm32l0xx_hal_msp.c:85:6:HAL_RTC_MspInit	16	static
../Core/Src/stm32l0xx_hal_msp.c:110:6:HAL_RTC_MspDeInit	16	static
../Core/Src/stm32l0xx_hal_msp.c:135:6:HAL_SPI_MspInit	56	static
../Core/Src/stm32l0xx_hal_msp.c:180:6:HAL_SPI_MspDeInit	16	static
../Core/Src/stm32l0xx_hal_msp.c:212:6:HAL_TIM_Base_MspInit	16	static
../Core/Src/stm32l0xx_hal_msp.c:237:6:HAL_TIM_Base_MspDeInit	16	static
../Core/Src/stm32l0xx_hal_msp.c:262:6:HAL_UART_MspInit	48	static
../Core/Src/stm32l0xx_hal_msp.c:301:6:HAL_UART_MspDeInit	16	static
